Analysis & Synthesis report for minilab3
Tue Feb 18 18:38:38 2025
Quartus Prime Version 23.1std.0 Build 991 11/28/2023 SC Lite Edition


---------------------
; Table of Contents ;
---------------------
  1. Legal Notice
  2. Analysis & Synthesis Summary
  3. Analysis & Synthesis Settings
  4. Parallel Compilation
  5. Analysis & Synthesis Source Files Read
  6. Analysis & Synthesis Resource Usage Summary
  7. Analysis & Synthesis Resource Utilization by Entity
  8. State Machine - |minilab3|driver:driver0|state
  9. State Machine - |minilab3|spart:spart0|state
 10. User-Specified and Inferred Latches
 11. Registers Removed During Synthesis
 12. General Register Statistics
 13. Inverted Register Statistics
 14. Multiplexer Restructuring Statistics (Restructuring Performed)
 15. Post-Synthesis Netlist Statistics for Top Partition
 16. Elapsed Time Per Partition
 17. Analysis & Synthesis Messages
 18. Analysis & Synthesis Suppressed Messages



----------------
; Legal Notice ;
----------------
Copyright (C) 2023  Intel Corporation. All rights reserved.
Your use of Intel Corporation's design tools, logic functions 
and other software and tools, and any partner logic 
functions, and any output files from any of the foregoing 
(including device programming or simulation files), and any 
associated documentation or information are expressly subject 
to the terms and conditions of the Intel Program License 
Subscription Agreement, the Intel Quartus Prime License Agreement,
the Intel FPGA IP License Agreement, or other applicable license
agreement, including, without limitation, that your use is for
the sole purpose of programming logic devices manufactured by
Intel and sold by Intel or its authorized distributors.  Please
refer to the applicable agreement for further details, at
https://fpgasoftware.intel.com/eula.



+----------------------------------------------------------------------------------+
; Analysis & Synthesis Summary                                                     ;
+---------------------------------+------------------------------------------------+
; Analysis & Synthesis Status     ; Successful - Tue Feb 18 18:38:38 2025          ;
; Quartus Prime Version           ; 23.1std.0 Build 991 11/28/2023 SC Lite Edition ;
; Revision Name                   ; minilab3                                       ;
; Top-level Entity Name           ; minilab3                                       ;
; Family                          ; Cyclone V                                      ;
; Logic utilization (in ALMs)     ; N/A                                            ;
; Total registers                 ; 61                                             ;
; Total pins                      ; 106                                            ;
; Total virtual pins              ; 0                                              ;
; Total block memory bits         ; 0                                              ;
; Total DSP Blocks                ; 0                                              ;
; Total HSSI RX PCSs              ; 0                                              ;
; Total HSSI PMA RX Deserializers ; 0                                              ;
; Total HSSI TX PCSs              ; 0                                              ;
; Total HSSI PMA TX Serializers   ; 0                                              ;
; Total PLLs                      ; 0                                              ;
; Total DLLs                      ; 0                                              ;
+---------------------------------+------------------------------------------------+


+---------------------------------------------------------------------------------------------------------------------------+
; Analysis & Synthesis Settings                                                                                             ;
+---------------------------------------------------------------------------------+--------------------+--------------------+
; Option                                                                          ; Setting            ; Default Value      ;
+---------------------------------------------------------------------------------+--------------------+--------------------+
; Device                                                                          ; 5CSEMA5F31C6       ;                    ;
; Top-level entity name                                                           ; minilab3           ; minilab3           ;
; Family name                                                                     ; Cyclone V          ; Cyclone V          ;
; Use smart compilation                                                           ; Off                ; Off                ;
; Enable parallel Assembler and Timing Analyzer during compilation                ; On                 ; On                 ;
; Enable compact report table                                                     ; Off                ; Off                ;
; Restructure Multiplexers                                                        ; Auto               ; Auto               ;
; MLAB Add Timing Constraints For Mixed-Port Feed-Through Mode Setting Don't Care ; Off                ; Off                ;
; Create Debugging Nodes for IP Cores                                             ; Off                ; Off                ;
; Preserve fewer node names                                                       ; On                 ; On                 ;
; Intel FPGA IP Evaluation Mode                                                   ; Enable             ; Enable             ;
; Verilog Version                                                                 ; Verilog_2001       ; Verilog_2001       ;
; VHDL Version                                                                    ; VHDL_1993          ; VHDL_1993          ;
; State Machine Processing                                                        ; Auto               ; Auto               ;
; Safe State Machine                                                              ; Off                ; Off                ;
; Extract Verilog State Machines                                                  ; On                 ; On                 ;
; Extract VHDL State Machines                                                     ; On                 ; On                 ;
; Ignore Verilog initial constructs                                               ; Off                ; Off                ;
; Iteration limit for constant Verilog loops                                      ; 5000               ; 5000               ;
; Iteration limit for non-constant Verilog loops                                  ; 250                ; 250                ;
; Add Pass-Through Logic to Inferred RAMs                                         ; On                 ; On                 ;
; Infer RAMs from Raw Logic                                                       ; On                 ; On                 ;
; Parallel Synthesis                                                              ; On                 ; On                 ;
; DSP Block Balancing                                                             ; Auto               ; Auto               ;
; NOT Gate Push-Back                                                              ; On                 ; On                 ;
; Power-Up Don't Care                                                             ; On                 ; On                 ;
; Remove Redundant Logic Cells                                                    ; Off                ; Off                ;
; Remove Duplicate Registers                                                      ; On                 ; On                 ;
; Ignore CARRY Buffers                                                            ; Off                ; Off                ;
; Ignore CASCADE Buffers                                                          ; Off                ; Off                ;
; Ignore GLOBAL Buffers                                                           ; Off                ; Off                ;
; Ignore ROW GLOBAL Buffers                                                       ; Off                ; Off                ;
; Ignore LCELL Buffers                                                            ; Off                ; Off                ;
; Ignore SOFT Buffers                                                             ; On                 ; On                 ;
; Limit AHDL Integers to 32 Bits                                                  ; Off                ; Off                ;
; Optimization Technique                                                          ; Balanced           ; Balanced           ;
; Carry Chain Length                                                              ; 70                 ; 70                 ;
; Auto Carry Chains                                                               ; On                 ; On                 ;
; Auto Open-Drain Pins                                                            ; On                 ; On                 ;
; Perform WYSIWYG Primitive Resynthesis                                           ; Off                ; Off                ;
; Auto ROM Replacement                                                            ; On                 ; On                 ;
; Auto RAM Replacement                                                            ; On                 ; On                 ;
; Auto DSP Block Replacement                                                      ; On                 ; On                 ;
; Auto Shift Register Replacement                                                 ; Auto               ; Auto               ;
; Allow Shift Register Merging across Hierarchies                                 ; Auto               ; Auto               ;
; Auto Clock Enable Replacement                                                   ; On                 ; On                 ;
; Strict RAM Replacement                                                          ; Off                ; Off                ;
; Allow Synchronous Control Signals                                               ; On                 ; On                 ;
; Force Use of Synchronous Clear Signals                                          ; Off                ; Off                ;
; Auto Resource Sharing                                                           ; Off                ; Off                ;
; Allow Any RAM Size For Recognition                                              ; Off                ; Off                ;
; Allow Any ROM Size For Recognition                                              ; Off                ; Off                ;
; Allow Any Shift Register Size For Recognition                                   ; Off                ; Off                ;
; Use LogicLock Constraints during Resource Balancing                             ; On                 ; On                 ;
; Ignore translate_off and synthesis_off directives                               ; Off                ; Off                ;
; Timing-Driven Synthesis                                                         ; On                 ; On                 ;
; Report Parameter Settings                                                       ; On                 ; On                 ;
; Report Source Assignments                                                       ; On                 ; On                 ;
; Report Connectivity Checks                                                      ; On                 ; On                 ;
; Ignore Maximum Fan-Out Assignments                                              ; Off                ; Off                ;
; Synchronization Register Chain Length                                           ; 3                  ; 3                  ;
; Power Optimization During Synthesis                                             ; Normal compilation ; Normal compilation ;
; HDL message level                                                               ; Level2             ; Level2             ;
; Suppress Register Optimization Related Messages                                 ; Off                ; Off                ;
; Number of Removed Registers Reported in Synthesis Report                        ; 5000               ; 5000               ;
; Number of Swept Nodes Reported in Synthesis Report                              ; 5000               ; 5000               ;
; Number of Inverted Registers Reported in Synthesis Report                       ; 100                ; 100                ;
; Clock MUX Protection                                                            ; On                 ; On                 ;
; Auto Gated Clock Conversion                                                     ; Off                ; Off                ;
; Block Design Naming                                                             ; Auto               ; Auto               ;
; SDC constraint protection                                                       ; Off                ; Off                ;
; Synthesis Effort                                                                ; Auto               ; Auto               ;
; Shift Register Replacement - Allow Asynchronous Clear Signal                    ; On                 ; On                 ;
; Pre-Mapping Resynthesis Optimization                                            ; Off                ; Off                ;
; Analysis & Synthesis Message Level                                              ; Medium             ; Medium             ;
; Disable Register Merging Across Hierarchies                                     ; Auto               ; Auto               ;
; Resource Aware Inference For Block RAM                                          ; On                 ; On                 ;
; Automatic Parallel Synthesis                                                    ; On                 ; On                 ;
; Partial Reconfiguration Bitstream ID                                            ; Off                ; Off                ;
+---------------------------------------------------------------------------------+--------------------+--------------------+


+------------------------------------------+
; Parallel Compilation                     ;
+----------------------------+-------------+
; Processors                 ; Number      ;
+----------------------------+-------------+
; Number detected on machine ; 20          ;
; Maximum allowed            ; 14          ;
;                            ;             ;
; Average used               ; 1.00        ;
; Maximum used               ; 14          ;
;                            ;             ;
; Usage by Processor         ; % Time Used ;
;     Processor 1            ; 100.0%      ;
;     Processors 2-14        ;   0.0%      ;
+----------------------------+-------------+


+------------------------------------------------------------------------------------------------------------------------------------------------+
; Analysis & Synthesis Source Files Read                                                                                                         ;
+----------------------------------+-----------------+------------------------------+--------------------------------------------------+---------+
; File Name with User-Entered Path ; Used in Netlist ; File Type                    ; File Name with Absolute Path                     ; Library ;
+----------------------------------+-----------------+------------------------------+--------------------------------------------------+---------+
; ../Lab1_v3/spart.sv              ; yes             ; User SystemVerilog HDL File  ; I:/ece554/ECE554SP25_MiniLab3/Lab1_v3/spart.sv   ;         ;
; ../Lab1_v3/driver.sv             ; yes             ; User SystemVerilog HDL File  ; I:/ece554/ECE554SP25_MiniLab3/Lab1_v3/driver.sv  ;         ;
; minilab3.v                       ; yes             ; Auto-Found Verilog HDL File  ; I:/ece554/ECE554SP25_MiniLab3/Quartus/minilab3.v ;         ;
+----------------------------------+-----------------+------------------------------+--------------------------------------------------+---------+


+--------------------------------------------------------------+
; Analysis & Synthesis Resource Usage Summary                  ;
+---------------------------------------------+----------------+
; Resource                                    ; Usage          ;
+---------------------------------------------+----------------+
; Estimate of Logic utilization (ALMs needed) ; 81             ;
;                                             ;                ;
; Combinational ALUT usage for logic          ; 128            ;
;     -- 7 input functions                    ; 9              ;
;     -- 6 input functions                    ; 21             ;
;     -- 5 input functions                    ; 28             ;
;     -- 4 input functions                    ; 22             ;
;     -- <=3 input functions                  ; 48             ;
;                                             ;                ;
; Dedicated logic registers                   ; 61             ;
;                                             ;                ;
; I/O pins                                    ; 106            ;
;                                             ;                ;
; Total DSP Blocks                            ; 0              ;
;                                             ;                ;
; Maximum fan-out node                        ; CLOCK_50~input ;
; Maximum fan-out                             ; 61             ;
; Total fan-out                               ; 884            ;
; Average fan-out                             ; 2.02           ;
+---------------------------------------------+----------------+


+---------------------------------------------------------------------------------------------------------------------------------------------------------------------------------------------+
; Analysis & Synthesis Resource Utilization by Entity                                                                                                                                         ;
+----------------------------+---------------------+---------------------------+-------------------+------------+------+--------------+--------------------------+-------------+--------------+
; Compilation Hierarchy Node ; Combinational ALUTs ; Dedicated Logic Registers ; Block Memory Bits ; DSP Blocks ; Pins ; Virtual Pins ; Full Hierarchy Name      ; Entity Name ; Library Name ;
+----------------------------+---------------------+---------------------------+-------------------+------------+------+--------------+--------------------------+-------------+--------------+
; |minilab3                  ; 128 (4)             ; 61 (0)                    ; 0                 ; 0          ; 106  ; 0            ; |minilab3                ; minilab3    ; work         ;
;    |driver:driver0|        ; 19 (19)             ; 7 (7)                     ; 0                 ; 0          ; 0    ; 0            ; |minilab3|driver:driver0 ; driver      ; work         ;
;    |spart:spart0|          ; 105 (105)           ; 54 (54)                   ; 0                 ; 0          ; 0    ; 0            ; |minilab3|spart:spart0   ; spart       ; work         ;
+----------------------------+---------------------+---------------------------+-------------------+------------+------+--------------+--------------------------+-------------+--------------+
Note: For table entries with two numbers listed, the numbers in parentheses indicate the number of resources of the given type used by the specific entity alone. The numbers listed outside of parentheses indicate the total resources of the given type used by the specific entity and all of its sub-entities in the hierarchy.


Encoding Type:  One-Hot
+------------------------------------------------------------------------------------+
; State Machine - |minilab3|driver:driver0|state                                     ;
+-------------------+---------------+---------------+------------+-------------------+
; Name              ; state.WRITING ; state.READING ; state.IDLE ; state.PROGRAMMING ;
+-------------------+---------------+---------------+------------+-------------------+
; state.PROGRAMMING ; 0             ; 0             ; 0          ; 0                 ;
; state.IDLE        ; 0             ; 0             ; 1          ; 1                 ;
; state.READING     ; 0             ; 1             ; 0          ; 1                 ;
; state.WRITING     ; 1             ; 0             ; 0          ; 1                 ;
+-------------------+---------------+---------------+------------+-------------------+


Encoding Type:  One-Hot
+------------------------------------------------------------------------+
; State Machine - |minilab3|spart:spart0|state                           ;
+--------------------+------------+--------------------+-----------------+
; Name               ; state.IDLE ; state.TRANSMITTING ; state.RECEIVING ;
+--------------------+------------+--------------------+-----------------+
; state.IDLE         ; 0          ; 0                  ; 0               ;
; state.RECEIVING    ; 1          ; 0                  ; 1               ;
; state.TRANSMITTING ; 1          ; 1                  ; 0               ;
+--------------------+------------+--------------------+-----------------+


+----------------------------------------------------------------------------------------------------+
; User-Specified and Inferred Latches                                                                ;
+-----------------------------------------------------+---------------------+------------------------+
; Latch Name                                          ; Latch Enable Signal ; Free of Timing Hazards ;
+-----------------------------------------------------+---------------------+------------------------+
; spart:spart0|division_buffer[1]                     ; spart:spart0|Equal0 ; yes                    ;
; spart:spart0|division_buffer[0]                     ; spart:spart0|Equal0 ; yes                    ;
; spart:spart0|division_buffer[2]                     ; spart:spart0|Equal0 ; yes                    ;
; spart:spart0|division_buffer[3]                     ; spart:spart0|Equal0 ; yes                    ;
; spart:spart0|division_buffer[4]                     ; spart:spart0|Equal0 ; yes                    ;
; spart:spart0|division_buffer[5]                     ; spart:spart0|Equal0 ; yes                    ;
; spart:spart0|division_buffer[6]                     ; spart:spart0|Equal0 ; yes                    ;
; spart:spart0|division_buffer[7]                     ; spart:spart0|Equal0 ; yes                    ;
; spart:spart0|division_buffer[8]                     ; spart:spart0|Equal0 ; yes                    ;
; spart:spart0|division_buffer[9]                     ; spart:spart0|Equal0 ; yes                    ;
; spart:spart0|division_buffer[10]                    ; spart:spart0|Equal0 ; yes                    ;
; spart:spart0|division_buffer[11]                    ; spart:spart0|Equal0 ; yes                    ;
; spart:spart0|division_buffer[12]                    ; spart:spart0|Equal0 ; yes                    ;
; spart:spart0|division_buffer[13]                    ; spart:spart0|Equal0 ; yes                    ;
; spart:spart0|division_buffer[14]                    ; spart:spart0|Equal0 ; yes                    ;
; spart:spart0|division_buffer[15]                    ; spart:spart0|Equal0 ; yes                    ;
; Number of user-specified and inferred latches = 16  ;                     ;                        ;
+-----------------------------------------------------+---------------------+------------------------+
Note: All latches listed above may not be present at the end of synthesis due to various synthesis optimizations.


+------------------------------------------------------------+
; Registers Removed During Synthesis                         ;
+---------------------------------------+--------------------+
; Register name                         ; Reason for Removal ;
+---------------------------------------+--------------------+
; driver:driver0|state~4                ; Lost fanout        ;
; driver:driver0|state~5                ; Lost fanout        ;
; Total Number of Removed Registers = 2 ;                    ;
+---------------------------------------+--------------------+


+------------------------------------------------------+
; General Register Statistics                          ;
+----------------------------------------------+-------+
; Statistic                                    ; Value ;
+----------------------------------------------+-------+
; Total registers                              ; 61    ;
; Number of registers using Synchronous Clear  ; 1     ;
; Number of registers using Synchronous Load   ; 0     ;
; Number of registers using Asynchronous Clear ; 43    ;
; Number of registers using Asynchronous Load  ; 0     ;
; Number of registers using Clock Enable       ; 26    ;
; Number of registers using Preset             ; 0     ;
+----------------------------------------------+-------+


+--------------------------------------------------+
; Inverted Register Statistics                     ;
+----------------------------------------+---------+
; Inverted Register                      ; Fan out ;
+----------------------------------------+---------+
; spart:spart0|txd                       ; 3       ;
; spart:spart0|transmit_shift_reg[0]     ; 1       ;
; spart:spart0|RX2                       ; 8       ;
; spart:spart0|RX1                       ; 1       ;
; Total number of inverted registers = 4 ;         ;
+----------------------------------------+---------+


+------------------------------------------------------------------------------------------------------------------------------------------------------------+
; Multiplexer Restructuring Statistics (Restructuring Performed)                                                                                             ;
+--------------------+-----------+---------------+----------------------+------------------------+------------+----------------------------------------------+
; Multiplexer Inputs ; Bus Width ; Baseline Area ; Area if Restructured ; Saving if Restructured ; Registered ; Example Multiplexer Output                   ;
+--------------------+-----------+---------------+----------------------+------------------------+------------+----------------------------------------------+
; 3:1                ; 4 bits    ; 8 LEs         ; 4 LEs                ; 4 LEs                  ; Yes        ; |minilab3|spart:spart0|bit_counter[2]        ;
; 3:1                ; 7 bits    ; 14 LEs        ; 7 LEs                ; 7 LEs                  ; Yes        ; |minilab3|spart:spart0|transmit_shift_reg[2] ;
; 5:1                ; 15 bits   ; 45 LEs        ; 30 LEs               ; 15 LEs                 ; Yes        ; |minilab3|spart:spart0|baud_counter[12]      ;
; 5:1                ; 3 bits    ; 9 LEs         ; 9 LEs                ; 0 LEs                  ; No         ; |minilab3|driver:driver0|Selector6           ;
; 7:1                ; 2 bits    ; 8 LEs         ; 6 LEs                ; 2 LEs                  ; No         ; |minilab3|spart:spart0|Selector1             ;
; 9:1                ; 4 bits    ; 24 LEs        ; 16 LEs               ; 8 LEs                  ; No         ; |minilab3|driver:driver0|Selector11          ;
+--------------------+-----------+---------------+----------------------+------------------------+------------+----------------------------------------------+


+-----------------------------------------------------+
; Post-Synthesis Netlist Statistics for Top Partition ;
+-----------------------+-----------------------------+
; Type                  ; Count                       ;
+-----------------------+-----------------------------+
; arriav_ff             ; 61                          ;
;     CLR               ; 16                          ;
;     CLR SCLR          ; 1                           ;
;     ENA CLR           ; 26                          ;
;     plain             ; 18                          ;
; arriav_io_obuf        ; 36                          ;
; arriav_lcell_comb     ; 135                         ;
;     arith             ; 16                          ;
;         1 data inputs ; 16                          ;
;     extend            ; 9                           ;
;         7 data inputs ; 9                           ;
;     normal            ; 110                         ;
;         0 data inputs ; 2                           ;
;         1 data inputs ; 7                           ;
;         2 data inputs ; 8                           ;
;         3 data inputs ; 22                          ;
;         4 data inputs ; 22                          ;
;         5 data inputs ; 28                          ;
;         6 data inputs ; 21                          ;
; boundary_port         ; 106                         ;
;                       ;                             ;
; Max LUT depth         ; 3.50                        ;
; Average LUT depth     ; 2.00                        ;
+-----------------------+-----------------------------+


+-------------------------------+
; Elapsed Time Per Partition    ;
+----------------+--------------+
; Partition Name ; Elapsed Time ;
+----------------+--------------+
; Top            ; 00:00:00     ;
+----------------+--------------+


+-------------------------------+
; Analysis & Synthesis Messages ;
+-------------------------------+
Info: *******************************************************************
Info: Running Quartus Prime Analysis & Synthesis
    Info: Version 23.1std.0 Build 991 11/28/2023 SC Lite Edition
    Info: Processing started: Tue Feb 18 18:38:28 2025
Info: Command: quartus_map --read_settings_files=on --write_settings_files=off minilab3 -c minilab3
Warning (18236): Number of processors has not been specified which may cause overloading on shared machines.  Set the global assignment NUM_PARALLEL_PROCESSORS in your QSF to an appropriate value for best performance.
Info (20030): Parallel compilation is enabled and will use 14 of the 14 processors detected
Info (12021): Found 1 design units, including 1 entities, in source file /ece554/ece554sp25_minilab3/lab1_v3/spart.sv
    Info (12023): Found entity 1: spart File: I:/ece554/ECE554SP25_MiniLab3/Lab1_v3/spart.sv Line: 21
Info (12021): Found 1 design units, including 1 entities, in source file /ece554/ece554sp25_minilab3/lab1_v3/lab1_spart.v
    Info (12023): Found entity 1: lab1_spart File: I:/ece554/ECE554SP25_MiniLab3/Lab1_v3/lab1_spart.v Line: 6
Info (12021): Found 1 design units, including 1 entities, in source file /ece554/ece554sp25_minilab3/lab1_v3/driver.sv
    Info (12023): Found entity 1: driver File: I:/ece554/ECE554SP25_MiniLab3/Lab1_v3/driver.sv Line: 21
Warning (12125): Using design file minilab3.v, which is not specified as a design file for the current project, but contains definitions for 1 design units and 1 entities in project
    Info (12023): Found entity 1: minilab3 File: I:/ece554/ECE554SP25_MiniLab3/Quartus/minilab3.v Line: 6
Info (12127): Elaborating entity "minilab3" for the top level hierarchy
Info (12128): Elaborating entity "spart" for hierarchy "spart:spart0" File: I:/ece554/ECE554SP25_MiniLab3/Quartus/minilab3.v Line: 71
Warning (10230): Verilog HDL assignment warning at spart.sv(54): truncated value with size 32 to match size of target (16) File: I:/ece554/ECE554SP25_MiniLab3/Lab1_v3/spart.sv Line: 54
Warning (10230): Verilog HDL assignment warning at spart.sv(59): truncated value with size 32 to match size of target (16) File: I:/ece554/ECE554SP25_MiniLab3/Lab1_v3/spart.sv Line: 59
Warning (10230): Verilog HDL assignment warning at spart.sv(63): truncated value with size 32 to match size of target (1) File: I:/ece554/ECE554SP25_MiniLab3/Lab1_v3/spart.sv Line: 63
Warning (10230): Verilog HDL assignment warning at spart.sv(115): truncated value with size 32 to match size of target (4) File: I:/ece554/ECE554SP25_MiniLab3/Lab1_v3/spart.sv Line: 115
Info (10264): Verilog HDL Case Statement information at spart.sv(146): all case item expressions in this case statement are onehot File: I:/ece554/ECE554SP25_MiniLab3/Lab1_v3/spart.sv Line: 146
Info (10041): Inferred latch for "division_buffer[8]" at spart.sv(46) File: I:/ece554/ECE554SP25_MiniLab3/Lab1_v3/spart.sv Line: 46
Info (10041): Inferred latch for "division_buffer[9]" at spart.sv(46) File: I:/ece554/ECE554SP25_MiniLab3/Lab1_v3/spart.sv Line: 46
Info (10041): Inferred latch for "division_buffer[10]" at spart.sv(46) File: I:/ece554/ECE554SP25_MiniLab3/Lab1_v3/spart.sv Line: 46
Info (10041): Inferred latch for "division_buffer[11]" at spart.sv(46) File: I:/ece554/ECE554SP25_MiniLab3/Lab1_v3/spart.sv Line: 46
Info (10041): Inferred latch for "division_buffer[12]" at spart.sv(46) File: I:/ece554/ECE554SP25_MiniLab3/Lab1_v3/spart.sv Line: 46
Info (10041): Inferred latch for "division_buffer[13]" at spart.sv(46) File: I:/ece554/ECE554SP25_MiniLab3/Lab1_v3/spart.sv Line: 46
Info (10041): Inferred latch for "division_buffer[14]" at spart.sv(46) File: I:/ece554/ECE554SP25_MiniLab3/Lab1_v3/spart.sv Line: 46
Info (10041): Inferred latch for "division_buffer[15]" at spart.sv(46) File: I:/ece554/ECE554SP25_MiniLab3/Lab1_v3/spart.sv Line: 46
Info (10041): Inferred latch for "division_buffer[0]" at spart.sv(45) File: I:/ece554/ECE554SP25_MiniLab3/Lab1_v3/spart.sv Line: 45
Info (10041): Inferred latch for "division_buffer[1]" at spart.sv(45) File: I:/ece554/ECE554SP25_MiniLab3/Lab1_v3/spart.sv Line: 45
Info (10041): Inferred latch for "division_buffer[2]" at spart.sv(45) File: I:/ece554/ECE554SP25_MiniLab3/Lab1_v3/spart.sv Line: 45
Info (10041): Inferred latch for "division_buffer[3]" at spart.sv(45) File: I:/ece554/ECE554SP25_MiniLab3/Lab1_v3/spart.sv Line: 45
Info (10041): Inferred latch for "division_buffer[4]" at spart.sv(45) File: I:/ece554/ECE554SP25_MiniLab3/Lab1_v3/spart.sv Line: 45
Info (10041): Inferred latch for "division_buffer[5]" at spart.sv(45) File: I:/ece554/ECE554SP25_MiniLab3/Lab1_v3/spart.sv Line: 45
Info (10041): Inferred latch for "division_buffer[6]" at spart.sv(45) File: I:/ece554/ECE554SP25_MiniLab3/Lab1_v3/spart.sv Line: 45
Info (10041): Inferred latch for "division_buffer[7]" at spart.sv(45) File: I:/ece554/ECE554SP25_MiniLab3/Lab1_v3/spart.sv Line: 45
Info (12128): Elaborating entity "driver" for hierarchy "driver:driver0" File: I:/ece554/ECE554SP25_MiniLab3/Quartus/minilab3.v Line: 83
Warning (10230): Verilog HDL assignment warning at driver.sv(67): truncated value with size 32 to match size of target (1) File: I:/ece554/ECE554SP25_MiniLab3/Lab1_v3/driver.sv Line: 67
Warning (13034): The following nodes have both tri-state and non-tri-state drivers
    Warning (13035): Inserted always-enabled tri-state buffer between "GPIO[3]" and its non-tri-state driver. File: I:/ece554/ECE554SP25_MiniLab3/Quartus/minilab3.v Line: 33
Warning (13039): The following bidirectional pins have no drivers
    Warning (13040): bidirectional pin "GPIO[5]" has no driver File: I:/ece554/ECE554SP25_MiniLab3/Quartus/minilab3.v Line: 33
    Warning (13040): bidirectional pin "GPIO[0]" has no driver File: I:/ece554/ECE554SP25_MiniLab3/Quartus/minilab3.v Line: 33
    Warning (13040): bidirectional pin "GPIO[1]" has no driver File: I:/ece554/ECE554SP25_MiniLab3/Quartus/minilab3.v Line: 33
    Warning (13040): bidirectional pin "GPIO[2]" has no driver File: I:/ece554/ECE554SP25_MiniLab3/Quartus/minilab3.v Line: 33
    Warning (13040): bidirectional pin "GPIO[4]" has no driver File: I:/ece554/ECE554SP25_MiniLab3/Quartus/minilab3.v Line: 33
    Warning (13040): bidirectional pin "GPIO[6]" has no driver File: I:/ece554/ECE554SP25_MiniLab3/Quartus/minilab3.v Line: 33
    Warning (13040): bidirectional pin "GPIO[7]" has no driver File: I:/ece554/ECE554SP25_MiniLab3/Quartus/minilab3.v Line: 33
    Warning (13040): bidirectional pin "GPIO[8]" has no driver File: I:/ece554/ECE554SP25_MiniLab3/Quartus/minilab3.v Line: 33
    Warning (13040): bidirectional pin "GPIO[9]" has no driver File: I:/ece554/ECE554SP25_MiniLab3/Quartus/minilab3.v Line: 33
    Warning (13040): bidirectional pin "GPIO[10]" has no driver File: I:/ece554/ECE554SP25_MiniLab3/Quartus/minilab3.v Line: 33
    Warning (13040): bidirectional pin "GPIO[11]" has no driver File: I:/ece554/ECE554SP25_MiniLab3/Quartus/minilab3.v Line: 33
    Warning (13040): bidirectional pin "GPIO[12]" has no driver File: I:/ece554/ECE554SP25_MiniLab3/Quartus/minilab3.v Line: 33
    Warning (13040): bidirectional pin "GPIO[13]" has no driver File: I:/ece554/ECE554SP25_MiniLab3/Quartus/minilab3.v Line: 33
    Warning (13040): bidirectional pin "GPIO[14]" has no driver File: I:/ece554/ECE554SP25_MiniLab3/Quartus/minilab3.v Line: 33
    Warning (13040): bidirectional pin "GPIO[15]" has no driver File: I:/ece554/ECE554SP25_MiniLab3/Quartus/minilab3.v Line: 33
    Warning (13040): bidirectional pin "GPIO[16]" has no driver File: I:/ece554/ECE554SP25_MiniLab3/Quartus/minilab3.v Line: 33
    Warning (13040): bidirectional pin "GPIO[17]" has no driver File: I:/ece554/ECE554SP25_MiniLab3/Quartus/minilab3.v Line: 33
    Warning (13040): bidirectional pin "GPIO[18]" has no driver File: I:/ece554/ECE554SP25_MiniLab3/Quartus/minilab3.v Line: 33
    Warning (13040): bidirectional pin "GPIO[19]" has no driver File: I:/ece554/ECE554SP25_MiniLab3/Quartus/minilab3.v Line: 33
    Warning (13040): bidirectional pin "GPIO[20]" has no driver File: I:/ece554/ECE554SP25_MiniLab3/Quartus/minilab3.v Line: 33
    Warning (13040): bidirectional pin "GPIO[21]" has no driver File: I:/ece554/ECE554SP25_MiniLab3/Quartus/minilab3.v Line: 33
    Warning (13040): bidirectional pin "GPIO[22]" has no driver File: I:/ece554/ECE554SP25_MiniLab3/Quartus/minilab3.v Line: 33
    Warning (13040): bidirectional pin "GPIO[23]" has no driver File: I:/ece554/ECE554SP25_MiniLab3/Quartus/minilab3.v Line: 33
    Warning (13040): bidirectional pin "GPIO[24]" has no driver File: I:/ece554/ECE554SP25_MiniLab3/Quartus/minilab3.v Line: 33
    Warning (13040): bidirectional pin "GPIO[25]" has no driver File: I:/ece554/ECE554SP25_MiniLab3/Quartus/minilab3.v Line: 33
    Warning (13040): bidirectional pin "GPIO[26]" has no driver File: I:/ece554/ECE554SP25_MiniLab3/Quartus/minilab3.v Line: 33
    Warning (13040): bidirectional pin "GPIO[27]" has no driver File: I:/ece554/ECE554SP25_MiniLab3/Quartus/minilab3.v Line: 33
    Warning (13040): bidirectional pin "GPIO[28]" has no driver File: I:/ece554/ECE554SP25_MiniLab3/Quartus/minilab3.v Line: 33
    Warning (13040): bidirectional pin "GPIO[29]" has no driver File: I:/ece554/ECE554SP25_MiniLab3/Quartus/minilab3.v Line: 33
    Warning (13040): bidirectional pin "GPIO[30]" has no driver File: I:/ece554/ECE554SP25_MiniLab3/Quartus/minilab3.v Line: 33
    Warning (13040): bidirectional pin "GPIO[31]" has no driver File: I:/ece554/ECE554SP25_MiniLab3/Quartus/minilab3.v Line: 33
    Warning (13040): bidirectional pin "GPIO[32]" has no driver File: I:/ece554/ECE554SP25_MiniLab3/Quartus/minilab3.v Line: 33
    Warning (13040): bidirectional pin "GPIO[33]" has no driver File: I:/ece554/ECE554SP25_MiniLab3/Quartus/minilab3.v Line: 33
    Warning (13040): bidirectional pin "GPIO[34]" has no driver File: I:/ece554/ECE554SP25_MiniLab3/Quartus/minilab3.v Line: 33
    Warning (13040): bidirectional pin "GPIO[35]" has no driver File: I:/ece554/ECE554SP25_MiniLab3/Quartus/minilab3.v Line: 33
Warning (13046): Tri-state node(s) do not directly drive top-level pin(s)
    Warning (13047): Converted the fan-out from the tri-state buffer "spart:spart0|databus[0]" to the node "spart:spart0|division_buffer[8]" into an OR gate File: I:/ece554/ECE554SP25_MiniLab3/Lab1_v3/spart.sv Line: 29
    Warning (13047): Converted the fan-out from the tri-state buffer "spart:spart0|databus[1]" to the node "spart:spart0|division_buffer[9]" into an OR gate File: I:/ece554/ECE554SP25_MiniLab3/Lab1_v3/spart.sv Line: 29
    Warning (13047): Converted the fan-out from the tri-state buffer "spart:spart0|databus[2]" to the node "spart:spart0|division_buffer[10]" into an OR gate File: I:/ece554/ECE554SP25_MiniLab3/Lab1_v3/spart.sv Line: 29
    Warning (13047): Converted the fan-out from the tri-state buffer "spart:spart0|databus[3]" to the node "spart:spart0|division_buffer[11]" into an OR gate File: I:/ece554/ECE554SP25_MiniLab3/Lab1_v3/spart.sv Line: 29
    Warning (13047): Converted the fan-out from the tri-state buffer "spart:spart0|databus[4]" to the node "spart:spart0|division_buffer[12]" into an OR gate File: I:/ece554/ECE554SP25_MiniLab3/Lab1_v3/spart.sv Line: 29
    Warning (13047): Converted the fan-out from the tri-state buffer "spart:spart0|databus[5]" to the node "spart:spart0|division_buffer[13]" into an OR gate File: I:/ece554/ECE554SP25_MiniLab3/Lab1_v3/spart.sv Line: 29
    Warning (13047): Converted the fan-out from the tri-state buffer "spart:spart0|databus[6]" to the node "spart:spart0|division_buffer[14]" into an OR gate File: I:/ece554/ECE554SP25_MiniLab3/Lab1_v3/spart.sv Line: 29
    Warning (13047): Converted the fan-out from the tri-state buffer "spart:spart0|databus[7]" to the node "spart:spart0|division_buffer[15]" into an OR gate File: I:/ece554/ECE554SP25_MiniLab3/Lab1_v3/spart.sv Line: 29
Warning (13009): TRI or OPNDRN buffers permanently enabled
    Warning (13010): Node "GPIO[3]~synth" File: I:/ece554/ECE554SP25_MiniLab3/Quartus/minilab3.v Line: 33
Warning (13024): Output pins are stuck at VCC or GND
    Warning (13410): Pin "HEX0[0]" is stuck at GND File: I:/ece554/ECE554SP25_MiniLab3/Quartus/minilab3.v Line: 15
    Warning (13410): Pin "HEX0[1]" is stuck at GND File: I:/ece554/ECE554SP25_MiniLab3/Quartus/minilab3.v Line: 15
    Warning (13410): Pin "HEX0[2]" is stuck at GND File: I:/ece554/ECE554SP25_MiniLab3/Quartus/minilab3.v Line: 15
    Warning (13410): Pin "HEX0[3]" is stuck at GND File: I:/ece554/ECE554SP25_MiniLab3/Quartus/minilab3.v Line: 15
    Warning (13410): Pin "HEX0[4]" is stuck at GND File: I:/ece554/ECE554SP25_MiniLab3/Quartus/minilab3.v Line: 15
    Warning (13410): Pin "HEX0[5]" is stuck at GND File: I:/ece554/ECE554SP25_MiniLab3/Quartus/minilab3.v Line: 15
    Warning (13410): Pin "HEX0[6]" is stuck at VCC File: I:/ece554/ECE554SP25_MiniLab3/Quartus/minilab3.v Line: 15
    Warning (13410): Pin "HEX1[0]" is stuck at GND File: I:/ece554/ECE554SP25_MiniLab3/Quartus/minilab3.v Line: 16
    Warning (13410): Pin "HEX1[1]" is stuck at GND File: I:/ece554/ECE554SP25_MiniLab3/Quartus/minilab3.v Line: 16
    Warning (13410): Pin "HEX1[2]" is stuck at GND File: I:/ece554/ECE554SP25_MiniLab3/Quartus/minilab3.v Line: 16
    Warning (13410): Pin "HEX1[3]" is stuck at GND File: I:/ece554/ECE554SP25_MiniLab3/Quartus/minilab3.v Line: 16
    Warning (13410): Pin "HEX1[4]" is stuck at GND File: I:/ece554/ECE554SP25_MiniLab3/Quartus/minilab3.v Line: 16
    Warning (13410): Pin "HEX1[5]" is stuck at GND File: I:/ece554/ECE554SP25_MiniLab3/Quartus/minilab3.v Line: 16
    Warning (13410): Pin "HEX1[6]" is stuck at VCC File: I:/ece554/ECE554SP25_MiniLab3/Quartus/minilab3.v Line: 16
    Warning (13410): Pin "HEX2[6]" is stuck at GND File: I:/ece554/ECE554SP25_MiniLab3/Quartus/minilab3.v Line: 17
    Warning (13410): Pin "HEX3[1]" is stuck at GND File: I:/ece554/ECE554SP25_MiniLab3/Quartus/minilab3.v Line: 18
    Warning (13410): Pin "HEX3[2]" is stuck at GND File: I:/ece554/ECE554SP25_MiniLab3/Quartus/minilab3.v Line: 18
    Warning (13410): Pin "HEX3[5]" is stuck at GND File: I:/ece554/ECE554SP25_MiniLab3/Quartus/minilab3.v Line: 18
    Warning (13410): Pin "HEX3[6]" is stuck at GND File: I:/ece554/ECE554SP25_MiniLab3/Quartus/minilab3.v Line: 18
    Warning (13410): Pin "HEX4[4]" is stuck at VCC File: I:/ece554/ECE554SP25_MiniLab3/Quartus/minilab3.v Line: 19
    Warning (13410): Pin "HEX4[5]" is stuck at VCC File: I:/ece554/ECE554SP25_MiniLab3/Quartus/minilab3.v Line: 19
    Warning (13410): Pin "HEX5[0]" is stuck at VCC File: I:/ece554/ECE554SP25_MiniLab3/Quartus/minilab3.v Line: 20
    Warning (13410): Pin "HEX5[1]" is stuck at VCC File: I:/ece554/ECE554SP25_MiniLab3/Quartus/minilab3.v Line: 20
    Warning (13410): Pin "HEX5[2]" is stuck at VCC File: I:/ece554/ECE554SP25_MiniLab3/Quartus/minilab3.v Line: 20
    Warning (13410): Pin "HEX5[3]" is stuck at VCC File: I:/ece554/ECE554SP25_MiniLab3/Quartus/minilab3.v Line: 20
    Warning (13410): Pin "HEX5[4]" is stuck at VCC File: I:/ece554/ECE554SP25_MiniLab3/Quartus/minilab3.v Line: 20
    Warning (13410): Pin "HEX5[5]" is stuck at VCC File: I:/ece554/ECE554SP25_MiniLab3/Quartus/minilab3.v Line: 20
    Warning (13410): Pin "HEX5[6]" is stuck at VCC File: I:/ece554/ECE554SP25_MiniLab3/Quartus/minilab3.v Line: 20
    Warning (13410): Pin "LEDR[1]" is stuck at GND File: I:/ece554/ECE554SP25_MiniLab3/Quartus/minilab3.v Line: 26
    Warning (13410): Pin "LEDR[2]" is stuck at GND File: I:/ece554/ECE554SP25_MiniLab3/Quartus/minilab3.v Line: 26
    Warning (13410): Pin "LEDR[3]" is stuck at GND File: I:/ece554/ECE554SP25_MiniLab3/Quartus/minilab3.v Line: 26
    Warning (13410): Pin "LEDR[4]" is stuck at GND File: I:/ece554/ECE554SP25_MiniLab3/Quartus/minilab3.v Line: 26
    Warning (13410): Pin "LEDR[5]" is stuck at GND File: I:/ece554/ECE554SP25_MiniLab3/Quartus/minilab3.v Line: 26
    Warning (13410): Pin "LEDR[6]" is stuck at GND File: I:/ece554/ECE554SP25_MiniLab3/Quartus/minilab3.v Line: 26
    Warning (13410): Pin "LEDR[7]" is stuck at GND File: I:/ece554/ECE554SP25_MiniLab3/Quartus/minilab3.v Line: 26
Info (286030): Timing-Driven Synthesis is running
Warning (14632): Output pin "LEDR[9]" driven by bidirectional pin "GPIO[5]" cannot be tri-stated File: I:/ece554/ECE554SP25_MiniLab3/Quartus/minilab3.v Line: 26
Info (17049): 2 registers lost all their fanouts during netlist optimizations.
Info (144001): Generated suppressed messages file I:/ece554/ECE554SP25_MiniLab3/Quartus/minilab3.map.smsg
Info (16010): Generating hard_block partition "hard_block:auto_generated_inst"
    Info (16011): Adding 0 node(s), including 0 DDIO, 0 PLL, 0 transceiver and 0 LCELL
Warning (21074): Design contains 14 input pin(s) that do not drive logic
    Warning (15610): No output dependent on input pin "CLOCK2_50" File: I:/ece554/ECE554SP25_MiniLab3/Quartus/minilab3.v Line: 10
    Warning (15610): No output dependent on input pin "CLOCK3_50" File: I:/ece554/ECE554SP25_MiniLab3/Quartus/minilab3.v Line: 11
    Warning (15610): No output dependent on input pin "CLOCK4_50" File: I:/ece554/ECE554SP25_MiniLab3/Quartus/minilab3.v Line: 12
    Warning (15610): No output dependent on input pin "KEY[1]" File: I:/ece554/ECE554SP25_MiniLab3/Quartus/minilab3.v Line: 23
    Warning (15610): No output dependent on input pin "KEY[2]" File: I:/ece554/ECE554SP25_MiniLab3/Quartus/minilab3.v Line: 23
    Warning (15610): No output dependent on input pin "KEY[3]" File: I:/ece554/ECE554SP25_MiniLab3/Quartus/minilab3.v Line: 23
    Warning (15610): No output dependent on input pin "SW[0]" File: I:/ece554/ECE554SP25_MiniLab3/Quartus/minilab3.v Line: 29
    Warning (15610): No output dependent on input pin "SW[1]" File: I:/ece554/ECE554SP25_MiniLab3/Quartus/minilab3.v Line: 29
    Warning (15610): No output dependent on input pin "SW[2]" File: I:/ece554/ECE554SP25_MiniLab3/Quartus/minilab3.v Line: 29
    Warning (15610): No output dependent on input pin "SW[3]" File: I:/ece554/ECE554SP25_MiniLab3/Quartus/minilab3.v Line: 29
    Warning (15610): No output dependent on input pin "SW[4]" File: I:/ece554/ECE554SP25_MiniLab3/Quartus/minilab3.v Line: 29
    Warning (15610): No output dependent on input pin "SW[5]" File: I:/ece554/ECE554SP25_MiniLab3/Quartus/minilab3.v Line: 29
    Warning (15610): No output dependent on input pin "SW[6]" File: I:/ece554/ECE554SP25_MiniLab3/Quartus/minilab3.v Line: 29
    Warning (15610): No output dependent on input pin "SW[7]" File: I:/ece554/ECE554SP25_MiniLab3/Quartus/minilab3.v Line: 29
Info (21057): Implemented 254 device resources after synthesis - the final resource count might be different
    Info (21058): Implemented 18 input pins
    Info (21059): Implemented 52 output pins
    Info (21060): Implemented 36 bidirectional pins
    Info (21061): Implemented 148 logic cells
Info: Quartus Prime Analysis & Synthesis was successful. 0 errors, 108 warnings
    Info: Peak virtual memory: 4869 megabytes
    Info: Processing ended: Tue Feb 18 18:38:39 2025
    Info: Elapsed time: 00:00:11
    Info: Total CPU time (on all processors): 00:00:14


+------------------------------------------+
; Analysis & Synthesis Suppressed Messages ;
+------------------------------------------+
The suppressed messages can be found in I:/ece554/ECE554SP25_MiniLab3/Quartus/minilab3.map.smsg.


